%!Adobe-FontList 1.15
%Locale:0x410

%BeginFont
Handler:DirectoryHandler
FontType:Type1
FontName:HelveticaLTStd-Bold
FamilyName:Helvetica LT Std
StyleName:Bold
FullName:Helvetica LT Std Bold
MenuName:Helvetica LT Std
StyleBits:2
FamilyNameNative:
StyleNameNative:Bold
FullNameNative:
WritingScript:Cyrillic
OutlineFileName:C:\Users\elisa\Documents\GitHub\labmod17_final\various\Cartella Senza titolo-1\Document fonts\HelveticaLTStd-Bold.otf
DataFormat:sfntData
UsesStandardEncoding:yes
isCFF:yes
FileLength:46276
FileModTime:1499374660
WeightClass:700
WidthClass:5
AngleClass:0
NameArray:0,Mac,4,Helvetica LT Std Bold
NameArray:0,Win,1,Helvetica LT Std
%EndFont

%BeginFont
Handler:DirectoryHandler
FontType:Type1
FontName:HelveticaLTStd-Light
FamilyName:Helvetica LT Std
StyleName:Light
FullName:Helvetica LT Std Light
MenuName:Helvetica LT Std Light
StyleBits:0
WritingScript:Roman
OutlineFileName:C:\Users\elisa\Documents\GitHub\labmod17_final\various\Cartella Senza titolo-1\Document fonts\HelveticaLTStd-Light.otf
DataFormat:sfntData
UsesStandardEncoding:yes
isCFF:yes
FileLength:28780
FileModTime:1499374672
WeightClass:300
WidthClass:5
AngleClass:0
NameArray:0,Mac,4,Helvetica LT Std Light
NameArray:0,Win,1,Helvetica LT Std Light
NameArray:0,Win,16,Helvetica LT Std
%EndFont

